{
  "capacity_source": "kumamoto_portal_map",
  "source_endpoint": "https://portal.bousai.pref.kumamoto.jp/data/shelter/shelter.json",
  "requested_url": "https://portal.bousai.pref.kumamoto.jp/data/shelter/shelter.json?request.preventCache=1785458258492",
  "acquired_at_jst": "2026-07-31T09:37:38+09:00",
  "response_content_type": "application/json",
  "response_bytes": 1739427,
  "response_sha256": "d47c0fcd4b9903a8b917d782feb539c72ec0c4b9bec5732007fbe0deafde7e85",
  "existing_master_count": 2122,
  "downloaded_record_count": 2122,
  "merged_master_count": 2122,
  "reported_total": 2122,
  "record_count": 2122,
  "parsed_capacity_count": 1619,
  "missing_zero_capacity_count": 398,
  "missing_capacity_count": 105,
  "invalid_capacity_count": 0,
  "municipality_count": 45,
  "missing_required_key_counts": {
    "address": 0,
    "capacity": 0,
    "facilityId": 0,
    "latitude": 0,
    "longitude": 0,
    "municipalityCd": 0,
    "municipalityName": 0,
    "name": 0
  },
  "interpretation": {
    "positive_capacity": "portal_capacity_personsとして保存",
    "capacity_zero": "ポップアップでは---表示のため欠損扱い"
  }
}
Persistent capacity master: reference/portal_shelter_capacity.csv
Capacity history: reference/capacity_history/2026-07-31.csv
