warning: The `fitz` API is deprecated and will be removed in future. Use `import pymupdf` instead.
Traceback (most recent call last):
  File "/home/runner/work/kumamoto-shelter-archive/kumamoto-shelter-archive/scripts/run_municipal_evacuee_collection.py", line 64, in <module>
    raise SystemExit(collector.main())
                     ^^^^^^^^^^^^^^^^
  File "/home/runner/work/kumamoto-shelter-archive/kumamoto-shelter-archive/scripts/collect_municipal_evacuees.py", line 751, in main
    snapshots = [collect_yatsushiro(debug_dir), collect_uki(debug_dir)]
                 ^^^^^^^^^^^^^^^^^^^^^^^^^^^^^
  File "/home/runner/work/kumamoto-shelter-archive/kumamoto-shelter-archive/scripts/yatsushiro_source_fetcher.py", line 101, in collect_yatsushiro
    page_data = collector.fetch_bytes(
                ^^^^^^^^^^^^^^^^^^^^^^
  File "/home/runner/work/kumamoto-shelter-archive/kumamoto-shelter-archive/scripts/collect_municipal_evacuees.py", line 218, in fetch_bytes
    with urllib.request.urlopen(request, timeout=timeout_seconds) as response:
         ^^^^^^^^^^^^^^^^^^^^^^^^^^^^^^^^^^^^^^^^^^^^^^^^^^^^^^^^
  File "/opt/hostedtoolcache/Python/3.12.14/x64/lib/python3.12/urllib/request.py", line 215, in urlopen
    return opener.open(url, data, timeout)
           ^^^^^^^^^^^^^^^^^^^^^^^^^^^^^^^
  File "/opt/hostedtoolcache/Python/3.12.14/x64/lib/python3.12/urllib/request.py", line 515, in open
    response = self._open(req, data)
               ^^^^^^^^^^^^^^^^^^^^^
  File "/opt/hostedtoolcache/Python/3.12.14/x64/lib/python3.12/urllib/request.py", line 532, in _open
    result = self._call_chain(self.handle_open, protocol, protocol +
             ^^^^^^^^^^^^^^^^^^^^^^^^^^^^^^^^^^^^^^^^^^^^^^^^^^^^^^^
  File "/opt/hostedtoolcache/Python/3.12.14/x64/lib/python3.12/urllib/request.py", line 492, in _call_chain
    result = func(*args)
             ^^^^^^^^^^^
  File "/opt/hostedtoolcache/Python/3.12.14/x64/lib/python3.12/urllib/request.py", line 1392, in https_open
    return self.do_open(http.client.HTTPSConnection, req,
           ^^^^^^^^^^^^^^^^^^^^^^^^^^^^^^^^^^^^^^^^^^^^^^
  File "/opt/hostedtoolcache/Python/3.12.14/x64/lib/python3.12/urllib/request.py", line 1348, in do_open
    r = h.getresponse()
        ^^^^^^^^^^^^^^^
  File "/opt/hostedtoolcache/Python/3.12.14/x64/lib/python3.12/http/client.py", line 1478, in getresponse
    response.begin()
  File "/opt/hostedtoolcache/Python/3.12.14/x64/lib/python3.12/http/client.py", line 343, in begin
    version, status, reason = self._read_status()
                              ^^^^^^^^^^^^^^^^^^^
  File "/opt/hostedtoolcache/Python/3.12.14/x64/lib/python3.12/http/client.py", line 312, in _read_status
    raise RemoteDisconnected("Remote end closed connection without"
http.client.RemoteDisconnected: Remote end closed connection without response
