warning: The `fitz` API is deprecated and will be removed in future. Use `import pymupdf` instead.
Consider using the pymupdf_layout package for a greatly improved page layout analysis.
INFO Uki source stability check: attempt=1/10: valid candidate waiting for second identical fetch observed=2026-09-30T22:00+09:00 hash=cf95be5f4097
{
  "retrieved_at_jst": "2026-10-01T11:06:29+09:00",
  "status": "success",
  "source_changed": true,
  "changed_sources": [
    {
      "municipality": "八代市",
      "source_observed_at_jst": "2026-10-01T06:00+09:00",
      "record_count": 13,
      "matched_count": 13,
      "issue_count": 0,
      "published_total": 723,
      "calculated_total": 723,
      "revision": 1,
      "normalized_sha256": "48c564f8d8918c47e7adedbf8e1effea9e321717d0dce64bd479b5a710a33682"
    },
    {
      "municipality": "宇城市",
      "source_observed_at_jst": "2026-09-30T22:00+09:00",
      "record_count": 5,
      "matched_count": 5,
      "issue_count": 0,
      "published_total": 328,
      "calculated_total": 328,
      "revision": 1,
      "normalized_sha256": "cf95be5f4097ec08929704c34915be89fba479cb4e34de09c4a67144e8eb7ca5"
    }
  ],
  "observation_row_count": 3318,
  "matched_observation_row_count": 3318,
  "unmatched_or_ambiguous_row_count": 0,
  "wide_row_count": 1457,
  "wide_date_columns": [
    "2026-07-29",
    "2026-07-30",
    "2026-07-31",
    "2026-08-01",
    "2026-08-02",
    "2026-08-03",
    "2026-08-04",
    "2026-08-05",
    "2026-08-06",
    "2026-08-07",
    "2026-08-08",
    "2026-08-09",
    "2026-08-10",
    "2026-08-11",
    "2026-08-12",
    "2026-08-13",
    "2026-08-14",
    "2026-08-15",
    "2026-08-16",
    "2026-08-17",
    "2026-08-18",
    "2026-08-19",
    "2026-08-20",
    "2026-08-21",
    "2026-08-22",
    "2026-08-23",
    "2026-08-24",
    "2026-08-25",
    "2026-08-26",
    "2026-08-27",
    "2026-08-28",
    "2026-08-29",
    "2026-08-30",
    "2026-08-31",
    "2026-09-01",
    "2026-09-02",
    "2026-09-03",
    "2026-09-04",
    "2026-09-05",
    "2026-09-06",
    "2026-09-07",
    "2026-09-08",
    "2026-09-09",
    "2026-09-10",
    "2026-09-11",
    "2026-09-12",
    "2026-09-13",
    "2026-09-14",
    "2026-09-15",
    "2026-09-16",
    "2026-09-17",
    "2026-09-18",
    "2026-09-19",
    "2026-09-20",
    "2026-09-21",
    "2026-09-22",
    "2026-09-23",
    "2026-09-24",
    "2026-09-25",
    "2026-09-26",
    "2026-09-27",
    "2026-09-28",
    "2026-09-29",
    "2026-09-30",
    "2026-10-01"
  ],
  "wide_fixed_columns": [
    "shelter_id",
    "reference_common_ids",
    "municipality",
    "shelter_name",
    "address",
    "reference_same_address_as_emergency_site",
    "reference_other_mayor_matters",
    "reference_accepted_persons",
    "portal_capacity_persons",
    "latitude",
    "longitude"
  ],
  "blank_means": "municipal source did not publish a value; not zero"
}
